[assembly: System.Runtime.Versioning.TargetFramework(".NETStandard,Version=v2.0", FrameworkDisplayName="")]
namespace Sextant.Plugins.Popup
{
    public interface IPopupViewStackService
    {
        System.IObservable<Rg.Plugins.Popup.Events.PopupNavigationEventArgs> Popped { get; }
        System.IObservable<Rg.Plugins.Popup.Events.PopupNavigationEventArgs> Popping { get; }
        System.Collections.Generic.IReadOnlyList<Sextant.IViewModel> PopupStack { get; }
        System.IObservable<Rg.Plugins.Popup.Events.PopupNavigationEventArgs> Pushed { get; }
        System.IObservable<Rg.Plugins.Popup.Events.PopupNavigationEventArgs> Pushing { get; }
        System.IObservable<System.Reactive.Unit> PopAllPopups(bool animate = true);
        System.IObservable<System.Reactive.Unit> PopPopup(bool animate = true);
        System.IObservable<System.Reactive.Unit> PushPopup(Sextant.IViewModel viewModel, string? contract = null, bool animate = true);
        System.IObservable<System.Reactive.Unit> PushPopup<TViewModel>(string? contract = null, bool animate = true)
            where TViewModel : Sextant.IViewModel;
        System.IObservable<System.Reactive.Unit> RemovePopup(Sextant.IViewModel viewModel, bool animate = true);
    }
    public class PopupViewStackService : Sextant.ParameterViewStackService, Sextant.Plugins.Popup.IPopupViewStackService
    {
        public PopupViewStackService(Sextant.IView view, Rg.Plugins.Popup.Contracts.IPopupNavigation popupNavigation, ReactiveUI.IViewLocator viewLocator, Sextant.Abstractions.IViewModelFactory viewModelFactory) { }
        public System.IObservable<Rg.Plugins.Popup.Events.PopupNavigationEventArgs> Popped { get; }
        public System.IObservable<Rg.Plugins.Popup.Events.PopupNavigationEventArgs> Popping { get; }
        public System.Collections.Generic.IReadOnlyList<Sextant.IViewModel> PopupStack { get; }
        public System.IObservable<Rg.Plugins.Popup.Events.PopupNavigationEventArgs> Pushed { get; }
        public System.IObservable<Rg.Plugins.Popup.Events.PopupNavigationEventArgs> Pushing { get; }
        public System.IObservable<System.Reactive.Unit> PopAllPopups(bool animate = true) { }
        public System.IObservable<System.Reactive.Unit> PopPopup(bool animate = true) { }
        public System.IObservable<System.Reactive.Unit> PushPopup(Sextant.IViewModel viewModel, string? contract = null, bool animate = true) { }
        public System.IObservable<System.Reactive.Unit> PushPopup<TViewModel>(string? contract = null, bool animate = true)
            where TViewModel : Sextant.IViewModel { }
        public System.IObservable<System.Reactive.Unit> RemovePopup(Sextant.IViewModel viewModel, bool animate = true) { }
    }
}